// Jest Snapshot v1, https://goo.gl/fbAQLP

exports[`parseCourse should accurately return items about course AWS Essentials 1`] = `
Array [
  Object {
    "course": "AWS Essentials",
    "lesson": "Course Introduction",
    "link": "https://linuxacademy.com/cp/courses/lesson/course/2763/lesson/1",
    "section": "Course Introduction",
    "subsection": "Getting Started",
    "type": "video",
  },
  Object {
    "course": "AWS Essentials",
    "lesson": "Project Omega 2.0!",
    "link": "https://linuxacademy.com/cp/courses/lesson/course/2763/lesson/2",
    "section": "Course Introduction",
    "subsection": "Getting Started",
    "type": "video",
  },
  Object {
    "course": "AWS Essentials",
    "lesson": "How to Use the Interactive Guide",
    "link": "https://linuxacademy.com/cp/courses/lesson/course/2763/lesson/3",
    "section": "Course Introduction",
    "subsection": "Getting Started",
    "type": "video",
  },
  Object {
    "course": "AWS Essentials",
    "lesson": "Course Features and Tools ",
    "link": "https://linuxacademy.com/cp/courses/lesson/course/2763/lesson/4",
    "section": "Course Introduction",
    "subsection": "Getting Started",
    "type": "video",
  },
  Object {
    "course": "AWS Essentials",
    "lesson": "New to IT? This Video is Just for You",
    "link": "https://linuxacademy.com/cp/courses/lesson/course/2763/lesson/5",
    "section": "Course Introduction",
    "subsection": "Getting Started",
    "type": "video",
  },
  Object {
    "course": "AWS Essentials",
    "lesson": "AWS Essentials Plus AWS Certified Cloud Practitioner For Certification",
    "link": "https://linuxacademy.com/cp/courses/lesson/course/2763/lesson/6",
    "section": "Course Introduction",
    "subsection": "Getting Started",
    "type": "video",
  },
  Object {
    "course": "AWS Essentials",
    "lesson": "AWS Free Tier: Usage Tracking and Billing Widget",
    "link": "https://linuxacademy.com/cp/courses/lesson/course/2763/lesson/7",
    "section": "Course Introduction",
    "subsection": "Getting Started",
    "type": "video",
  },
  Object {
    "course": "AWS Essentials",
    "lesson": "Account Basics Overview",
    "link": "https://linuxacademy.com/cp/courses/lesson/course/2743/lesson/1",
    "section": "AWS Essentials You Need to Know",
    "subsection": "Account Basics",
    "type": "video",
  },
  Object {
    "course": "AWS Essentials",
    "lesson": "AWS Free Tier",
    "link": "https://linuxacademy.com/cp/courses/lesson/course/2743/lesson/2",
    "section": "AWS Essentials You Need to Know",
    "subsection": "Account Basics",
    "type": "video",
  },
  Object {
    "course": "AWS Essentials",
    "lesson": "Create an AWS Account",
    "link": "https://linuxacademy.com/cp/courses/lesson/course/2743/lesson/3",
    "section": "AWS Essentials You Need to Know",
    "subsection": "Account Basics",
    "type": "video",
  },
  Object {
    "course": "AWS Essentials",
    "lesson": "How to Navigate the AWS Console",
    "link": "https://linuxacademy.com/cp/courses/lesson/course/2743/lesson/4",
    "section": "AWS Essentials You Need to Know",
    "subsection": "Account Basics",
    "type": "video",
  },
  Object {
    "course": "AWS Essentials",
    "lesson": "Creating a Billing Alarm",
    "link": "https://linuxacademy.com/cp/courses/lesson/course/2743/lesson/5",
    "section": "AWS Essentials You Need to Know",
    "subsection": "Account Basics",
    "type": "video",
  },
  Object {
    "course": "AWS Essentials",
    "lesson": "AWS Documentation",
    "link": "https://linuxacademy.com/cp/courses/lesson/course/2743/lesson/6",
    "section": "AWS Essentials You Need to Know",
    "subsection": "Account Basics",
    "type": "video",
  },
  Object {
    "course": "AWS Essentials",
    "lesson": "Wrap It Up - Account Basics",
    "link": "https://linuxacademy.com/cp/courses/lesson/course/2743/lesson/7",
    "section": "AWS Essentials You Need to Know",
    "subsection": "Account Basics",
    "type": "video",
  },
  Object {
    "course": "AWS Essentials",
    "lesson": "Introduction to AWS Identity and Access Management (IAM)",
    "link": "https://linuxacademy.com/cp/courses/lesson/course/2744/lesson/1",
    "section": "Managing AWS Access with Users, Groups, and  Roles",
    "subsection": "Identity and Access Management (IAM)",
    "type": "video",
  },
  Object {
    "course": "AWS Essentials",
    "lesson": "What is IAM?",
    "link": "https://linuxacademy.com/cp/courses/lesson/course/2744/lesson/2",
    "section": "Managing AWS Access with Users, Groups, and  Roles",
    "subsection": "Identity and Access Management (IAM)",
    "type": "video",
  },
  Object {
    "course": "AWS Essentials",
    "lesson": "IAM Initial Setup and Configuration",
    "link": "https://linuxacademy.com/cp/courses/lesson/course/2744/lesson/3",
    "section": "Managing AWS Access with Users, Groups, and  Roles",
    "subsection": "Identity and Access Management (IAM)",
    "type": "video",
  },
  Object {
    "course": "AWS Essentials",
    "lesson": "IAM Users and Policies",
    "link": "https://linuxacademy.com/cp/courses/lesson/course/2744/lesson/4",
    "section": "Managing AWS Access with Users, Groups, and  Roles",
    "subsection": "Identity and Access Management (IAM)",
    "type": "video",
  },
  Object {
    "course": "AWS Essentials",
    "lesson": "IAM Groups and Policies",
    "link": "https://linuxacademy.com/cp/courses/lesson/course/2744/lesson/5",
    "section": "Managing AWS Access with Users, Groups, and  Roles",
    "subsection": "Identity and Access Management (IAM)",
    "type": "video",
  },
  Object {
    "course": "AWS Essentials",
    "lesson": "IAM Roles",
    "link": "https://linuxacademy.com/cp/courses/lesson/course/2744/lesson/6",
    "section": "Managing AWS Access with Users, Groups, and  Roles",
    "subsection": "Identity and Access Management (IAM)",
    "type": "video",
  },
  Object {
    "course": "AWS Essentials",
    "lesson": "Wrap It Up - IAM Summary",
    "link": "https://linuxacademy.com/cp/courses/lesson/course/2744/lesson/7",
    "section": "Managing AWS Access with Users, Groups, and  Roles",
    "subsection": "Identity and Access Management (IAM)",
    "type": "video",
  },
  Object {
    "course": "AWS Essentials",
    "lesson": "Introduction to AWS Identity and Access Management (IAM)",
    "link": "https://app.linuxacademy.com/hands-on-labs/e907e3ec-1021-4208-8bb4-04ddfd99280d?redirect_uri=https://linuxacademy.com/cp/modules/view/id/241",
    "section": "Managing AWS Access with Users, Groups, and  Roles",
    "subsection": "Identity and Access Management (IAM)",
    "type": "lab",
  },
  Object {
    "course": "AWS Essentials",
    "lesson": "QUIZ: AWS IAM Essentials",
    "link": "https://app.linuxacademy.com/challenges/ada49154-6c36-4f25-9187-fd4023ad76a1?redirect_uri=https://linuxacademy.com/cp/modules/view/id/241",
    "section": "Managing AWS Access with Users, Groups, and  Roles",
    "subsection": "Identity and Access Management (IAM)",
    "type": "quiz",
  },
  Object {
    "course": "AWS Essentials",
    "lesson": "Overview of Network Services",
    "link": "https://linuxacademy.com/cp/courses/lesson/course/2745/lesson/1",
    "section": "Networking Services and Connectivity",
    "subsection": "Summary of AWS Network Services",
    "type": "video",
  },
  Object {
    "course": "AWS Essentials",
    "lesson": "AWS Global Infrastructure",
    "link": "https://linuxacademy.com/cp/courses/lesson/course/2745/lesson/2",
    "section": "Networking Services and Connectivity",
    "subsection": "Summary of AWS Network Services",
    "type": "video",
  },
  Object {
    "course": "AWS Essentials",
    "lesson": "VPC Basics",
    "link": "https://linuxacademy.com/cp/courses/lesson/course/2746/lesson/1",
    "section": "Networking Services and Connectivity",
    "subsection": "Virtual Private Cloud (VPC)",
    "type": "video",
  },
  Object {
    "course": "AWS Essentials",
    "lesson": "Internet Gateways (IGW)",
    "link": "https://linuxacademy.com/cp/courses/lesson/course/2746/lesson/2",
    "section": "Networking Services and Connectivity",
    "subsection": "Virtual Private Cloud (VPC)",
    "type": "video",
  },
  Object {
    "course": "AWS Essentials",
    "lesson": "Route Tables (RTs)",
    "link": "https://linuxacademy.com/cp/courses/lesson/course/2746/lesson/3",
    "section": "Networking Services and Connectivity",
    "subsection": "Virtual Private Cloud (VPC)",
    "type": "video",
  },
  Object {
    "course": "AWS Essentials",
    "lesson": "Network Access Control List (NACLs)",
    "link": "https://linuxacademy.com/cp/courses/lesson/course/2746/lesson/4",
    "section": "Networking Services and Connectivity",
    "subsection": "Virtual Private Cloud (VPC)",
    "type": "video",
  },
  Object {
    "course": "AWS Essentials",
    "lesson": "Subnets",
    "link": "https://linuxacademy.com/cp/courses/lesson/course/2746/lesson/5",
    "section": "Networking Services and Connectivity",
    "subsection": "Virtual Private Cloud (VPC)",
    "type": "video",
  },
  Object {
    "course": "AWS Essentials",
    "lesson": "Availability Zones (VPC Specific)",
    "link": "https://linuxacademy.com/cp/courses/lesson/course/2746/lesson/6",
    "section": "Networking Services and Connectivity",
    "subsection": "Virtual Private Cloud (VPC)",
    "type": "video",
  },
  Object {
    "course": "AWS Essentials",
    "lesson": "Wrap It Up - VPC Summary",
    "link": "https://linuxacademy.com/cp/courses/lesson/course/2746/lesson/7",
    "section": "Networking Services and Connectivity",
    "subsection": "Virtual Private Cloud (VPC)",
    "type": "video",
  },
  Object {
    "course": "AWS Essentials",
    "lesson": "Creating a Basic VPC and Associated Components",
    "link": "https://app.linuxacademy.com/hands-on-labs/934b78e6-5327-4ed3-a369-1b60b382722f?redirect_uri=https://linuxacademy.com/cp/modules/view/id/241",
    "section": "Networking Services and Connectivity",
    "subsection": "Virtual Private Cloud (VPC)",
    "type": "lab",
  },
  Object {
    "course": "AWS Essentials",
    "lesson": "QUIZ: VPC Essentials",
    "link": "https://app.linuxacademy.com/challenges/8e62fea1-ebc9-423f-9122-e545ed673682?redirect_uri=https://linuxacademy.com/cp/modules/view/id/241",
    "section": "Networking Services and Connectivity",
    "subsection": "Virtual Private Cloud (VPC)",
    "type": "quiz",
  },
  Object {
    "course": "AWS Essentials",
    "lesson": "Summary of AWS Compute Services",
    "link": "https://linuxacademy.com/cp/courses/lesson/course/2747/lesson/1",
    "section": "Compute Services",
    "subsection": "Compute Services Overview",
    "type": "video",
  },
  Object {
    "course": "AWS Essentials",
    "lesson": "EC2 Basics",
    "link": "https://linuxacademy.com/cp/courses/lesson/course/2748/lesson/1",
    "section": "Compute Services",
    "subsection": "Elastic Cloud Compute (EC2)",
    "type": "video",
  },
  Object {
    "course": "AWS Essentials",
    "lesson": "Amazon Machine Images (AMIs)",
    "link": "https://linuxacademy.com/cp/courses/lesson/course/2748/lesson/2",
    "section": "Compute Services",
    "subsection": "Elastic Cloud Compute (EC2)",
    "type": "video",
  },
  Object {
    "course": "AWS Essentials",
    "lesson": "Instance Types",
    "link": "https://linuxacademy.com/cp/courses/lesson/course/2748/lesson/3",
    "section": "Compute Services",
    "subsection": "Elastic Cloud Compute (EC2)",
    "type": "video",
  },
  Object {
    "course": "AWS Essentials",
    "lesson": "Elastic Block Storage (EBS)",
    "link": "https://linuxacademy.com/cp/courses/lesson/course/2748/lesson/4",
    "section": "Compute Services",
    "subsection": "Elastic Cloud Compute (EC2)",
    "type": "video",
  },
  Object {
    "course": "AWS Essentials",
    "lesson": "Security Groups",
    "link": "https://linuxacademy.com/cp/courses/lesson/course/2748/lesson/5",
    "section": "Compute Services",
    "subsection": "Elastic Cloud Compute (EC2)",
    "type": "video",
  },
  Object {
    "course": "AWS Essentials",
    "lesson": "IP Addressing",
    "link": "https://linuxacademy.com/cp/courses/lesson/course/2748/lesson/6",
    "section": "Compute Services",
    "subsection": "Elastic Cloud Compute (EC2)",
    "type": "video",
  },
  Object {
    "course": "AWS Essentials",
    "lesson": "Launching and Using an EC2 Instance",
    "link": "https://linuxacademy.com/cp/courses/lesson/course/2748/lesson/7",
    "section": "Compute Services",
    "subsection": "Elastic Cloud Compute (EC2)",
    "type": "video",
  },
  Object {
    "course": "AWS Essentials",
    "lesson": "Connecting to an EC2 Instance from a Windows PC",
    "link": "https://linuxacademy.com/cp/courses/lesson/course/2748/lesson/8",
    "section": "Compute Services",
    "subsection": "Elastic Cloud Compute (EC2)",
    "type": "video",
  },
  Object {
    "course": "AWS Essentials",
    "lesson": "Wrap It Up - EC2 Summary",
    "link": "https://linuxacademy.com/cp/courses/lesson/course/2748/lesson/9",
    "section": "Compute Services",
    "subsection": "Elastic Cloud Compute (EC2)",
    "type": "video",
  },
  Object {
    "course": "AWS Essentials",
    "lesson": "Create a Linux EC2 Instance in AWS and Connect Using SSH",
    "link": "https://app.linuxacademy.com/hands-on-labs/7819103c-5e59-4179-b635-9fc284e46c5a?redirect_uri=https://linuxacademy.com/cp/modules/view/id/241",
    "section": "Compute Services",
    "subsection": "Elastic Cloud Compute (EC2)",
    "type": "lab",
  },
  Object {
    "course": "AWS Essentials",
    "lesson": "Create a Windows EC2 Instance and Connect using Remote Desktop Protocol (RDP)",
    "link": "https://app.linuxacademy.com/hands-on-labs/a391b955-7a5d-4271-b2bc-7b5329a743cf?redirect_uri=https://linuxacademy.com/cp/modules/view/id/241",
    "section": "Compute Services",
    "subsection": "Elastic Cloud Compute (EC2)",
    "type": "lab",
  },
  Object {
    "course": "AWS Essentials",
    "lesson": "QUIZ: EC2 Essentials",
    "link": "https://app.linuxacademy.com/challenges/e9da4c4d-c280-442c-9958-995bbc9d2236?redirect_uri=https://linuxacademy.com/cp/modules/view/id/241",
    "section": "Compute Services",
    "subsection": "Elastic Cloud Compute (EC2)",
    "type": "quiz",
  },
  Object {
    "course": "AWS Essentials",
    "lesson": "Summary of AWS Storage Services",
    "link": "https://linuxacademy.com/cp/courses/lesson/course/2967/lesson/1",
    "section": "Storage Services",
    "subsection": "Storage Services Overview",
    "type": "video",
  },
  Object {
    "course": "AWS Essentials",
    "lesson": "S3 Basics",
    "link": "https://linuxacademy.com/cp/courses/lesson/course/2751/lesson/1",
    "section": "Storage Services",
    "subsection": "Storage Services",
    "type": "video",
  },
  Object {
    "course": "AWS Essentials",
    "lesson": "Buckets and Objects",
    "link": "https://linuxacademy.com/cp/courses/lesson/course/2751/lesson/2",
    "section": "Storage Services",
    "subsection": "Storage Services",
    "type": "video",
  },
  Object {
    "course": "AWS Essentials",
    "lesson": "Storage Classes",
    "link": "https://linuxacademy.com/cp/courses/lesson/course/2751/lesson/3",
    "section": "Storage Services",
    "subsection": "Storage Services",
    "type": "video",
  },
  Object {
    "course": "AWS Essentials",
    "lesson": "Object Lifecycles",
    "link": "https://linuxacademy.com/cp/courses/lesson/course/2751/lesson/4",
    "section": "Storage Services",
    "subsection": "Storage Services",
    "type": "video",
  },
  Object {
    "course": "AWS Essentials",
    "lesson": "Permissions",
    "link": "https://linuxacademy.com/cp/courses/lesson/course/2751/lesson/5",
    "section": "Storage Services",
    "subsection": "Storage Services",
    "type": "video",
  },
  Object {
    "course": "AWS Essentials",
    "lesson": "Object Versioning",
    "link": "https://linuxacademy.com/cp/courses/lesson/course/2751/lesson/6",
    "section": "Storage Services",
    "subsection": "Storage Services",
    "type": "video",
  },
  Object {
    "course": "AWS Essentials",
    "lesson": "Wrap It Up - S3 Summary",
    "link": "https://linuxacademy.com/cp/courses/lesson/course/2751/lesson/7",
    "section": "Storage Services",
    "subsection": "Storage Services",
    "type": "video",
  },
  Object {
    "course": "AWS Essentials",
    "lesson": "Creating Amazon S3 Buckets, Managing Objects, and Enabling Versioning ",
    "link": "https://app.linuxacademy.com/hands-on-labs/c3870bf7-5d98-44fe-acf5-4c0bbdddb3d9?redirect_uri=https://linuxacademy.com/cp/modules/view/id/241",
    "section": "Storage Services",
    "subsection": "Storage Services",
    "type": "lab",
  },
  Object {
    "course": "AWS Essentials",
    "lesson": "Creating a Basic Amazon S3 Lifecycle Policy",
    "link": "https://app.linuxacademy.com/hands-on-labs/d485772f-3128-4e2e-99c8-e948bbb95fc2?redirect_uri=https://linuxacademy.com/cp/modules/view/id/241",
    "section": "Storage Services",
    "subsection": "Storage Services",
    "type": "lab",
  },
  Object {
    "course": "AWS Essentials",
    "lesson": "QUIZ: S3 Essentials",
    "link": "https://app.linuxacademy.com/challenges/63a7c230-0516-4bfc-a395-5f0e55b1f268?redirect_uri=https://linuxacademy.com/cp/modules/view/id/241",
    "section": "Storage Services",
    "subsection": "Storage Services",
    "type": "quiz",
  },
  Object {
    "course": "AWS Essentials",
    "lesson": "Summary of AWS Database Services",
    "link": "https://linuxacademy.com/cp/courses/lesson/course/2749/lesson/1",
    "section": "Database Services",
    "subsection": "Database Services Overview",
    "type": "video",
  },
  Object {
    "course": "AWS Essentials",
    "lesson": "RDS and DynamoDB Basics",
    "link": "https://linuxacademy.com/cp/courses/lesson/course/2750/lesson/1",
    "section": "Database Services",
    "subsection": "Databases",
    "type": "video",
  },
  Object {
    "course": "AWS Essentials",
    "lesson": "Provisioning a RDS (MySQL)",
    "link": "https://linuxacademy.com/cp/courses/lesson/course/2750/lesson/2",
    "section": "Database Services",
    "subsection": "Databases",
    "type": "video",
  },
  Object {
    "course": "AWS Essentials",
    "lesson": "Wrap It Up - Database Summary",
    "link": "https://linuxacademy.com/cp/courses/lesson/course/2750/lesson/3",
    "section": "Database Services",
    "subsection": "Databases",
    "type": "video",
  },
  Object {
    "course": "AWS Essentials",
    "lesson": "Creating an Amazon Aurora RDS Database (MySQL Compatible)",
    "link": "https://app.linuxacademy.com/hands-on-labs/dfd4c330-f9e9-465d-a69b-b9211c7f9903?redirect_uri=https://linuxacademy.com/cp/modules/view/id/241",
    "section": "Database Services",
    "subsection": "Databases",
    "type": "lab",
  },
  Object {
    "course": "AWS Essentials",
    "lesson": "QUIZ: AWS Essentials: RDS/DynamoDB Essentials",
    "link": "https://app.linuxacademy.com/challenges/fcf9fe6d-d9a2-4ee8-9d64-71ec0fd0bace?redirect_uri=https://linuxacademy.com/cp/modules/view/id/241",
    "section": "Database Services",
    "subsection": "Databases",
    "type": "quiz",
  },
  Object {
    "course": "AWS Essentials",
    "lesson": "Summary of AWS Services for Monitoring, Alerts, and Notifications",
    "link": "https://linuxacademy.com/cp/courses/lesson/course/2752/lesson/1",
    "section": "Monitoring, Alerts, and Notifications",
    "subsection": "Overview of Monitoring, Alerts, and Notifications",
    "type": "video",
  },
  Object {
    "course": "AWS Essentials",
    "lesson": "SNS Basics",
    "link": "https://linuxacademy.com/cp/courses/lesson/course/2753/lesson/1",
    "section": "Monitoring, Alerts, and Notifications",
    "subsection": "Simple Notification Service (SNS)",
    "type": "video",
  },
  Object {
    "course": "AWS Essentials",
    "lesson": "Using SNS",
    "link": "https://linuxacademy.com/cp/courses/lesson/course/2753/lesson/2",
    "section": "Monitoring, Alerts, and Notifications",
    "subsection": "Simple Notification Service (SNS)",
    "type": "video",
  },
  Object {
    "course": "AWS Essentials",
    "lesson": "Wrap It Up - SNS Summary",
    "link": "https://linuxacademy.com/cp/courses/lesson/course/2753/lesson/3",
    "section": "Monitoring, Alerts, and Notifications",
    "subsection": "Simple Notification Service (SNS)",
    "type": "video",
  },
  Object {
    "course": "AWS Essentials",
    "lesson": "QUIZ: SNS Essentials",
    "link": "https://app.linuxacademy.com/challenges/b9a4fb6b-f3d7-4874-a292-e2bf397e0db8?redirect_uri=https://linuxacademy.com/cp/modules/view/id/241",
    "section": "Monitoring, Alerts, and Notifications",
    "subsection": "Simple Notification Service (SNS)",
    "type": "quiz",
  },
  Object {
    "course": "AWS Essentials",
    "lesson": "Introduction to Management Tools",
    "link": "https://linuxacademy.com/cp/courses/lesson/course/2754/lesson/1",
    "section": "Monitoring, Alerts, and Notifications",
    "subsection": "Management Tools",
    "type": "video",
  },
  Object {
    "course": "AWS Essentials",
    "lesson": "CloudWatch Basics",
    "link": "https://linuxacademy.com/cp/courses/lesson/course/2754/lesson/2",
    "section": "Monitoring, Alerts, and Notifications",
    "subsection": "Management Tools",
    "type": "video",
  },
  Object {
    "course": "AWS Essentials",
    "lesson": "CloudWatch Metrics and Alarms",
    "link": "https://linuxacademy.com/cp/courses/lesson/course/2754/lesson/3",
    "section": "Monitoring, Alerts, and Notifications",
    "subsection": "Management Tools",
    "type": "video",
  },
  Object {
    "course": "AWS Essentials",
    "lesson": "CloudTrail - Basics",
    "link": "https://linuxacademy.com/cp/courses/lesson/course/2754/lesson/4",
    "section": "Monitoring, Alerts, and Notifications",
    "subsection": "Management Tools",
    "type": "video",
  },
  Object {
    "course": "AWS Essentials",
    "lesson": "Wrap It Up - Management Tools Summary",
    "link": "https://linuxacademy.com/cp/courses/lesson/course/2754/lesson/5",
    "section": "Monitoring, Alerts, and Notifications",
    "subsection": "Management Tools",
    "type": "video",
  },
  Object {
    "course": "AWS Essentials",
    "lesson": "Monitoring and Notifications with CloudWatch Events and SNS",
    "link": "https://app.linuxacademy.com/hands-on-labs/9087f514-28eb-4ace-acd4-b6cb83f666a0?redirect_uri=https://linuxacademy.com/cp/modules/view/id/241",
    "section": "Monitoring, Alerts, and Notifications",
    "subsection": "Management Tools",
    "type": "lab",
  },
  Object {
    "course": "AWS Essentials",
    "lesson": "QUIZ: CloudWatch and CloudTrail Essentials",
    "link": "https://app.linuxacademy.com/challenges/7607ac17-b6b8-40cf-aa0a-cc001bf26de2?redirect_uri=https://linuxacademy.com/cp/modules/view/id/241",
    "section": "Monitoring, Alerts, and Notifications",
    "subsection": "Management Tools",
    "type": "quiz",
  },
  Object {
    "course": "AWS Essentials",
    "lesson": "Introduction to Load Balancing, Elasticity and Scalability",
    "link": "https://linuxacademy.com/cp/courses/lesson/course/2756/lesson/1",
    "section": "Load Balancing, Elasticity, and Scalability",
    "subsection": "Elastic Load Balancer (ELB)",
    "type": "video",
  },
  Object {
    "course": "AWS Essentials",
    "lesson": "ELB Basics",
    "link": "https://linuxacademy.com/cp/courses/lesson/course/2756/lesson/2",
    "section": "Load Balancing, Elasticity, and Scalability",
    "subsection": "Elastic Load Balancer (ELB)",
    "type": "video",
  },
  Object {
    "course": "AWS Essentials",
    "lesson": "Creating an ELB",
    "link": "https://linuxacademy.com/cp/courses/lesson/course/2756/lesson/3",
    "section": "Load Balancing, Elasticity, and Scalability",
    "subsection": "Elastic Load Balancer (ELB)",
    "type": "video",
  },
  Object {
    "course": "AWS Essentials",
    "lesson": "Wrap Up - ELB Summary",
    "link": "https://linuxacademy.com/cp/courses/lesson/course/2756/lesson/4",
    "section": "Load Balancing, Elasticity, and Scalability",
    "subsection": "Elastic Load Balancer (ELB)",
    "type": "video",
  },
  Object {
    "course": "AWS Essentials",
    "lesson": "QUIZ: ELB Essentials",
    "link": "https://app.linuxacademy.com/challenges/4d614063-3861-432d-b465-318dac7280cc?redirect_uri=https://linuxacademy.com/cp/modules/view/id/241",
    "section": "Load Balancing, Elasticity, and Scalability",
    "subsection": "Elastic Load Balancer (ELB)",
    "type": "quiz",
  },
  Object {
    "course": "AWS Essentials",
    "lesson": "Introduction to Auto Scaling",
    "link": "https://linuxacademy.com/cp/courses/lesson/course/2757/lesson/1",
    "section": "Load Balancing, Elasticity, and Scalability",
    "subsection": "Auto Scaling",
    "type": "video",
  },
  Object {
    "course": "AWS Essentials",
    "lesson": "Auto Scaling Basics",
    "link": "https://linuxacademy.com/cp/courses/lesson/course/2757/lesson/2",
    "section": "Load Balancing, Elasticity, and Scalability",
    "subsection": "Auto Scaling",
    "type": "video",
  },
  Object {
    "course": "AWS Essentials",
    "lesson": "Using Auto Scaling",
    "link": "https://linuxacademy.com/cp/courses/lesson/course/2757/lesson/3",
    "section": "Load Balancing, Elasticity, and Scalability",
    "subsection": "Auto Scaling",
    "type": "video",
  },
  Object {
    "course": "AWS Essentials",
    "lesson": "Wrap It Up - Auto Scaling Summary",
    "link": "https://linuxacademy.com/cp/courses/lesson/course/2757/lesson/4",
    "section": "Load Balancing, Elasticity, and Scalability",
    "subsection": "Auto Scaling",
    "type": "video",
  },
  Object {
    "course": "AWS Essentials",
    "lesson": "QUIZ: Auto Scaling Essentials",
    "link": "https://app.linuxacademy.com/challenges/90b69b39-4761-40f1-9b5c-d13489fa5cb0?redirect_uri=https://linuxacademy.com/cp/modules/view/id/241",
    "section": "Load Balancing, Elasticity, and Scalability",
    "subsection": "Auto Scaling",
    "type": "quiz",
  },
  Object {
    "course": "AWS Essentials",
    "lesson": "Introduction to Route 53",
    "link": "https://linuxacademy.com/cp/courses/lesson/course/2758/lesson/1",
    "section": "Load Balancing, Elasticity, and Scalability",
    "subsection": "Route 53",
    "type": "video",
  },
  Object {
    "course": "AWS Essentials",
    "lesson": "Route 53 Basics",
    "link": "https://linuxacademy.com/cp/courses/lesson/course/2758/lesson/2",
    "section": "Load Balancing, Elasticity, and Scalability",
    "subsection": "Route 53",
    "type": "video",
  },
  Object {
    "course": "AWS Essentials",
    "lesson": "Using Route 53",
    "link": "https://linuxacademy.com/cp/courses/lesson/course/2758/lesson/3",
    "section": "Load Balancing, Elasticity, and Scalability",
    "subsection": "Route 53",
    "type": "video",
  },
  Object {
    "course": "AWS Essentials",
    "lesson": "CloudFront Basics",
    "link": "https://linuxacademy.com/cp/courses/lesson/course/2758/lesson/4",
    "section": "Load Balancing, Elasticity, and Scalability",
    "subsection": "Route 53",
    "type": "video",
  },
  Object {
    "course": "AWS Essentials",
    "lesson": "Wrap It Up - Route 53 Summary",
    "link": "https://linuxacademy.com/cp/courses/lesson/course/2758/lesson/5",
    "section": "Load Balancing, Elasticity, and Scalability",
    "subsection": "Route 53",
    "type": "video",
  },
  Object {
    "course": "AWS Essentials",
    "lesson": "Setting Up an Application Load Balancer with an Auto Scaling Group and Route 53 in AWS",
    "link": "https://app.linuxacademy.com/hands-on-labs/c1da328a-dd5d-4fb5-904f-f9e89603d017?redirect_uri=https://linuxacademy.com/cp/modules/view/id/241",
    "section": "Load Balancing, Elasticity, and Scalability",
    "subsection": "Route 53",
    "type": "lab",
  },
  Object {
    "course": "AWS Essentials",
    "lesson": "QUIZ: Route 53 Essentials",
    "link": "https://app.linuxacademy.com/challenges/b5cc22f2-5864-41b3-b561-6484d2d7f807?redirect_uri=https://linuxacademy.com/cp/modules/view/id/241",
    "section": "Load Balancing, Elasticity, and Scalability",
    "subsection": "Route 53",
    "type": "quiz",
  },
  Object {
    "course": "AWS Essentials",
    "lesson": "Introduction to Lambda",
    "link": "https://linuxacademy.com/cp/courses/lesson/course/2760/lesson/1",
    "section": "Serverless Compute",
    "subsection": "Lambda",
    "type": "video",
  },
  Object {
    "course": "AWS Essentials",
    "lesson": "Lambda Basics",
    "link": "https://linuxacademy.com/cp/courses/lesson/course/2760/lesson/2",
    "section": "Serverless Compute",
    "subsection": "Lambda",
    "type": "video",
  },
  Object {
    "course": "AWS Essentials",
    "lesson": "Lambda Test",
    "link": "https://linuxacademy.com/cp/courses/lesson/course/2760/lesson/3",
    "section": "Serverless Compute",
    "subsection": "Lambda",
    "type": "video",
  },
  Object {
    "course": "AWS Essentials",
    "lesson": "Wrap It Up - Lambda Summary",
    "link": "https://linuxacademy.com/cp/courses/lesson/course/2760/lesson/4",
    "section": "Serverless Compute",
    "subsection": "Lambda",
    "type": "video",
  },
  Object {
    "course": "AWS Essentials",
    "lesson": "Creating a Basic Lambda Function to Shut Down an EC2 Instance",
    "link": "https://app.linuxacademy.com/hands-on-labs/682d1793-2bc5-455b-9485-97be5499b676?redirect_uri=https://linuxacademy.com/cp/modules/view/id/241",
    "section": "Serverless Compute",
    "subsection": "Lambda",
    "type": "lab",
  },
  Object {
    "course": "AWS Essentials",
    "lesson": "QUIZ: Lambda Essentials",
    "link": "https://app.linuxacademy.com/challenges/89d52db0-133f-4571-b6c3-37f1b4d2aee4?redirect_uri=https://linuxacademy.com/cp/modules/view/id/241",
    "section": "Serverless Compute",
    "subsection": "Lambda",
    "type": "quiz",
  },
  Object {
    "course": "AWS Essentials",
    "lesson": "What We Learned",
    "link": "https://linuxacademy.com/cp/courses/lesson/course/2761/lesson/1",
    "section": "Course Summary and Conclusion",
    "subsection": "Final Steps ",
    "type": "video",
  },
  Object {
    "course": "AWS Essentials",
    "lesson": "What's Next? ",
    "link": "https://linuxacademy.com/cp/courses/lesson/course/2761/lesson/2",
    "section": "Course Summary and Conclusion",
    "subsection": "Final Steps ",
    "type": "video",
  },
]
`;

exports[`parseCourse should accurately return items about course Mastering Systemd 1`] = `
Array [
  Object {
    "course": "Mastering Systemd",
    "lesson": "Course Introduction",
    "link": "https://linuxacademy.com/cp/courses/lesson/course/1710/lesson/1",
    "section": "Course Introduction",
    "subsection": "Getting Started",
    "type": "video",
  },
  Object {
    "course": "Mastering Systemd",
    "lesson": "About the Course Author",
    "link": "https://linuxacademy.com/cp/courses/lesson/course/1710/lesson/2",
    "section": "Course Introduction",
    "subsection": "Getting Started",
    "type": "video",
  },
  Object {
    "course": "Mastering Systemd",
    "lesson": "The Linux Boot Process",
    "link": "https://linuxacademy.com/cp/courses/lesson/course/1711/lesson/1",
    "section": "Linux Daemon History",
    "subsection": "Previous Service Management Tools",
    "type": "video",
  },
  Object {
    "course": "Mastering Systemd",
    "lesson": "init",
    "link": "https://linuxacademy.com/cp/courses/lesson/course/1711/lesson/2",
    "section": "Linux Daemon History",
    "subsection": "Previous Service Management Tools",
    "type": "video",
  },
  Object {
    "course": "Mastering Systemd",
    "lesson": "Red Hat Service Tools",
    "link": "https://linuxacademy.com/cp/courses/lesson/course/1711/lesson/3",
    "section": "Linux Daemon History",
    "subsection": "Previous Service Management Tools",
    "type": "video",
  },
  Object {
    "course": "Mastering Systemd",
    "lesson": "upstart",
    "link": "https://linuxacademy.com/cp/courses/lesson/course/1711/lesson/4",
    "section": "Linux Daemon History",
    "subsection": "Previous Service Management Tools",
    "type": "video",
  },
  Object {
    "course": "Mastering Systemd",
    "lesson": "The Purpose of systemd",
    "link": "https://linuxacademy.com/cp/courses/lesson/course/1712/lesson/1",
    "section": "Linux Daemon History",
    "subsection": "systemd Introduction",
    "type": "video",
  },
  Object {
    "course": "Mastering Systemd",
    "lesson": "systemd Architecture",
    "link": "https://linuxacademy.com/cp/courses/lesson/course/1712/lesson/2",
    "section": "Linux Daemon History",
    "subsection": "systemd Introduction",
    "type": "video",
  },
  Object {
    "course": "Mastering Systemd",
    "lesson": "Alternatives to systemd",
    "link": "https://linuxacademy.com/cp/courses/lesson/course/1712/lesson/3",
    "section": "Linux Daemon History",
    "subsection": "systemd Introduction",
    "type": "video",
  },
  Object {
    "course": "Mastering Systemd",
    "lesson": "QUIZ: Linux Daemon History",
    "link": "https://app.linuxacademy.com/challenges/eef1813f-e6bf-4ff6-9892-16416855d09a?redirect_uri=https://linuxacademy.com/cp/modules/view/id/171",
    "section": "Linux Daemon History",
    "subsection": "systemd Introduction",
    "type": "quiz",
  },
  Object {
    "course": "Mastering Systemd",
    "lesson": "systemctl",
    "link": "https://linuxacademy.com/cp/courses/lesson/course/1713/lesson/1",
    "section": "systemd Components",
    "subsection": "systemd Tools",
    "type": "video",
  },
  Object {
    "course": "Mastering Systemd",
    "lesson": "Introduction to the systemd Journal",
    "link": "https://linuxacademy.com/cp/courses/lesson/course/1713/lesson/2",
    "section": "systemd Components",
    "subsection": "systemd Tools",
    "type": "video",
  },
  Object {
    "course": "Mastering Systemd",
    "lesson": "journalctl",
    "link": "https://linuxacademy.com/cp/courses/lesson/course/1713/lesson/3",
    "section": "systemd Components",
    "subsection": "systemd Tools",
    "type": "video",
  },
  Object {
    "course": "Mastering Systemd",
    "lesson": "More systemd Tools",
    "link": "https://linuxacademy.com/cp/courses/lesson/course/1713/lesson/4",
    "section": "systemd Components",
    "subsection": "systemd Tools",
    "type": "video",
  },
  Object {
    "course": "Mastering Systemd",
    "lesson": "QUIZ: Systemd Components",
    "link": "https://app.linuxacademy.com/challenges/492d694e-56cd-4124-9182-49d1d64c6ccc?redirect_uri=https://linuxacademy.com/cp/modules/view/id/171",
    "section": "systemd Components",
    "subsection": "systemd Tools",
    "type": "quiz",
  },
  Object {
    "course": "Mastering Systemd",
    "lesson": "Basics of a Unit File",
    "link": "https://linuxacademy.com/cp/courses/lesson/course/1714/lesson/1",
    "section": "systemd Components",
    "subsection": "Unit Files",
    "type": "video",
  },
  Object {
    "course": "Mastering Systemd",
    "lesson": "Target Unit Files",
    "link": "https://linuxacademy.com/cp/courses/lesson/course/1714/lesson/2",
    "section": "systemd Components",
    "subsection": "Unit Files",
    "type": "video",
  },
  Object {
    "course": "Mastering Systemd",
    "lesson": "Service Unit Files",
    "link": "https://linuxacademy.com/cp/courses/lesson/course/1714/lesson/3",
    "section": "systemd Components",
    "subsection": "Unit Files",
    "type": "video",
  },
  Object {
    "course": "Mastering Systemd",
    "lesson": "Timer Unit Files",
    "link": "https://linuxacademy.com/cp/courses/lesson/course/1714/lesson/4",
    "section": "systemd Components",
    "subsection": "Unit Files",
    "type": "video",
  },
  Object {
    "course": "Mastering Systemd",
    "lesson": "Working with Services in Systemd - Start/Stop/Restart/Status",
    "link": "https://app.linuxacademy.com/hands-on-labs/5ac5711e-15ac-441b-bf5e-d8df6742063e?redirect_uri=https://linuxacademy.com/cp/modules/view/id/171",
    "section": "systemd Components",
    "subsection": "Unit Files",
    "type": "lab",
  },
  Object {
    "course": "Mastering Systemd",
    "lesson": "Changing the Default Target of a System",
    "link": "https://app.linuxacademy.com/hands-on-labs/585811f4-290e-4c6c-8c12-030d64be9352?redirect_uri=https://linuxacademy.com/cp/modules/view/id/171",
    "section": "systemd Components",
    "subsection": "Unit Files",
    "type": "lab",
  },
  Object {
    "course": "Mastering Systemd",
    "lesson": "QUIZ: Systemd Unit Files",
    "link": "https://app.linuxacademy.com/challenges/e18a441c-c617-4469-8425-ad88314486f7?redirect_uri=https://linuxacademy.com/cp/modules/view/id/171",
    "section": "systemd Components",
    "subsection": "Unit Files",
    "type": "quiz",
  },
  Object {
    "course": "Mastering Systemd",
    "lesson": "systemd and Containers",
    "link": "https://linuxacademy.com/cp/courses/lesson/course/1888/lesson/1",
    "section": "Containers with systemd",
    "subsection": "systemd and Containers",
    "type": "video",
  },
  Object {
    "course": "Mastering Systemd",
    "lesson": "systemd Container Demo",
    "link": "https://linuxacademy.com/cp/courses/lesson/course/1888/lesson/2",
    "section": "Containers with systemd",
    "subsection": "systemd and Containers",
    "type": "video",
  },
  Object {
    "course": "Mastering Systemd",
    "lesson": "Networking in systemd Containers",
    "link": "https://linuxacademy.com/cp/courses/lesson/course/1888/lesson/3",
    "section": "Containers with systemd",
    "subsection": "systemd and Containers",
    "type": "video",
  },
  Object {
    "course": "Mastering Systemd",
    "lesson": "Creating a Systemd Compatible CentOS 7 Container",
    "link": "https://app.linuxacademy.com/hands-on-labs/876138d8-37e2-4755-81e6-1ca98f884b6d?redirect_uri=https://linuxacademy.com/cp/modules/view/id/171",
    "section": "Containers with systemd",
    "subsection": "systemd and Containers",
    "type": "lab",
  },
  Object {
    "course": "Mastering Systemd",
    "lesson": "Creating a Systemd Compatible Debian Container ",
    "link": "https://app.linuxacademy.com/hands-on-labs/1eca0d56-b853-4ebb-8917-d7a0a3018fd5?redirect_uri=https://linuxacademy.com/cp/modules/view/id/171",
    "section": "Containers with systemd",
    "subsection": "systemd and Containers",
    "type": "lab",
  },
  Object {
    "course": "Mastering Systemd",
    "lesson": "QUIZ: Systemd and Containers",
    "link": "https://app.linuxacademy.com/challenges/3c3101cf-d2bb-48ad-810e-608e91a52ea8?redirect_uri=https://linuxacademy.com/cp/modules/view/id/171",
    "section": "Containers with systemd",
    "subsection": "systemd and Containers",
    "type": "quiz",
  },
  Object {
    "course": "Mastering Systemd",
    "lesson": "Final Steps",
    "link": "https://linuxacademy.com/cp/courses/lesson/course/1715/lesson/1",
    "section": "Course Conclusion",
    "subsection": "Final Steps",
    "type": "video",
  },
]
`;
